make: Entering directory '/home/romir/1_PQC_DTLS_PS/Constraint_Env_Sim/build/sim/gateware'
mkdir -p modules
make -C modules -f /home/romir/1_PQC_DTLS_PS/Constraint_Env_Sim/litex/litex/build/sim/core/modules/Makefile
make[1]: Entering directory '/home/romir/1_PQC_DTLS_PS/Constraint_Env_Sim/build/sim/gateware/modules'
mkdir -p xgmii_ethernet
make MOD=xgmii_ethernet -C xgmii_ethernet -f /home/romir/1_PQC_DTLS_PS/Constraint_Env_Sim/litex/litex/build/sim/core/modules/xgmii_ethernet/Makefile
make[2]: Entering directory '/home/romir/1_PQC_DTLS_PS/Constraint_Env_Sim/build/sim/gateware/modules/xgmii_ethernet'
make[2]: Nothing to be done for 'all'.
make[2]: Leaving directory '/home/romir/1_PQC_DTLS_PS/Constraint_Env_Sim/build/sim/gateware/modules/xgmii_ethernet'
cp xgmii_ethernet/xgmii_ethernet.so xgmii_ethernet.so
mkdir -p ethernet
make MOD=ethernet -C ethernet -f /home/romir/1_PQC_DTLS_PS/Constraint_Env_Sim/litex/litex/build/sim/core/modules/ethernet/Makefile
make[2]: Entering directory '/home/romir/1_PQC_DTLS_PS/Constraint_Env_Sim/build/sim/gateware/modules/ethernet'
make[2]: Nothing to be done for 'all'.
make[2]: Leaving directory '/home/romir/1_PQC_DTLS_PS/Constraint_Env_Sim/build/sim/gateware/modules/ethernet'
cp ethernet/ethernet.so ethernet.so
mkdir -p serial2console
make MOD=serial2console -C serial2console -f /home/romir/1_PQC_DTLS_PS/Constraint_Env_Sim/litex/litex/build/sim/core/modules/serial2console/Makefile
make[2]: Entering directory '/home/romir/1_PQC_DTLS_PS/Constraint_Env_Sim/build/sim/gateware/modules/serial2console'
make[2]: Nothing to be done for 'all'.
make[2]: Leaving directory '/home/romir/1_PQC_DTLS_PS/Constraint_Env_Sim/build/sim/gateware/modules/serial2console'
cp serial2console/serial2console.so serial2console.so
mkdir -p serial2tcp
make MOD=serial2tcp -C serial2tcp -f /home/romir/1_PQC_DTLS_PS/Constraint_Env_Sim/litex/litex/build/sim/core/modules/serial2tcp/Makefile
make[2]: Entering directory '/home/romir/1_PQC_DTLS_PS/Constraint_Env_Sim/build/sim/gateware/modules/serial2tcp'
make[2]: Nothing to be done for 'all'.
make[2]: Leaving directory '/home/romir/1_PQC_DTLS_PS/Constraint_Env_Sim/build/sim/gateware/modules/serial2tcp'
cp serial2tcp/serial2tcp.so serial2tcp.so
mkdir -p clocker
make MOD=clocker -C clocker -f /home/romir/1_PQC_DTLS_PS/Constraint_Env_Sim/litex/litex/build/sim/core/modules/clocker/Makefile
make[2]: Entering directory '/home/romir/1_PQC_DTLS_PS/Constraint_Env_Sim/build/sim/gateware/modules/clocker'
make[2]: Nothing to be done for 'all'.
make[2]: Leaving directory '/home/romir/1_PQC_DTLS_PS/Constraint_Env_Sim/build/sim/gateware/modules/clocker'
cp clocker/clocker.so clocker.so
mkdir -p spdeeprom
make MOD=spdeeprom -C spdeeprom -f /home/romir/1_PQC_DTLS_PS/Constraint_Env_Sim/litex/litex/build/sim/core/modules/spdeeprom/Makefile
make[2]: Entering directory '/home/romir/1_PQC_DTLS_PS/Constraint_Env_Sim/build/sim/gateware/modules/spdeeprom'
make[2]: Nothing to be done for 'all'.
make[2]: Leaving directory '/home/romir/1_PQC_DTLS_PS/Constraint_Env_Sim/build/sim/gateware/modules/spdeeprom'
cp spdeeprom/spdeeprom.so spdeeprom.so
mkdir -p gmii_ethernet
make MOD=gmii_ethernet -C gmii_ethernet -f /home/romir/1_PQC_DTLS_PS/Constraint_Env_Sim/litex/litex/build/sim/core/modules/gmii_ethernet/Makefile
make[2]: Entering directory '/home/romir/1_PQC_DTLS_PS/Constraint_Env_Sim/build/sim/gateware/modules/gmii_ethernet'
make[2]: Nothing to be done for 'all'.
make[2]: Leaving directory '/home/romir/1_PQC_DTLS_PS/Constraint_Env_Sim/build/sim/gateware/modules/gmii_ethernet'
cp gmii_ethernet/gmii_ethernet.so gmii_ethernet.so
mkdir -p jtagremote
make MOD=jtagremote -C jtagremote -f /home/romir/1_PQC_DTLS_PS/Constraint_Env_Sim/litex/litex/build/sim/core/modules/jtagremote/Makefile
make[2]: Entering directory '/home/romir/1_PQC_DTLS_PS/Constraint_Env_Sim/build/sim/gateware/modules/jtagremote'
make[2]: Nothing to be done for 'all'.
make[2]: Leaving directory '/home/romir/1_PQC_DTLS_PS/Constraint_Env_Sim/build/sim/gateware/modules/jtagremote'
cp jtagremote/jtagremote.so jtagremote.so
make[1]: Leaving directory '/home/romir/1_PQC_DTLS_PS/Constraint_Env_Sim/build/sim/gateware/modules'
mkdir -p /home/romir/1_PQC_DTLS_PS/Constraint_Env_Sim/build/sim/gateware/obj_dir
cc -c -ggdb -Wall -O3    -o /home/romir/1_PQC_DTLS_PS/Constraint_Env_Sim/build/sim/gateware/obj_dir/libdylib.o /home/romir/1_PQC_DTLS_PS/Constraint_Env_Sim/litex/litex/build/sim/core/libdylib.c
cc -c -ggdb -Wall -O3    -o /home/romir/1_PQC_DTLS_PS/Constraint_Env_Sim/build/sim/gateware/obj_dir/modules.o /home/romir/1_PQC_DTLS_PS/Constraint_Env_Sim/litex/litex/build/sim/core/modules.c
In file included from /home/romir/1_PQC_DTLS_PS/Constraint_Env_Sim/litex/litex/build/sim/core/modules.c:6:
In function ‘tinydir_readfile’,
    inlined from ‘litex_sim_load_ext_modules’ at /home/romir/1_PQC_DTLS_PS/Constraint_Env_Sim/litex/litex/build/sim/core/modules.c:68:14:
/home/romir/1_PQC_DTLS_PS/Constraint_Env_Sim/litex/litex/build/sim/core/tinydir.h:81:25: warning: ‘strcat’ accessing 4097 or more bytes at offsets 0 and 4096 may overlap 1 byte at offset 4096 [-Wrestrict]
   81 | #define _tinydir_strcat strcat
      |                         ^
/home/romir/1_PQC_DTLS_PS/Constraint_Env_Sim/litex/litex/build/sim/core/tinydir.h:532:9: note: in expansion of macro ‘_tinydir_strcat’
  532 |         _tinydir_strcat(file->path, file->name);
      |         ^~~~~~~~~~~~~~~
cc -c -ggdb -Wall -O3    -o /home/romir/1_PQC_DTLS_PS/Constraint_Env_Sim/build/sim/gateware/obj_dir/pads.o /home/romir/1_PQC_DTLS_PS/Constraint_Env_Sim/litex/litex/build/sim/core/pads.c
cc -c -ggdb -Wall -O3    -o /home/romir/1_PQC_DTLS_PS/Constraint_Env_Sim/build/sim/gateware/obj_dir/parse.o /home/romir/1_PQC_DTLS_PS/Constraint_Env_Sim/litex/litex/build/sim/core/parse.c
cc -c -ggdb -Wall -O3    -o /home/romir/1_PQC_DTLS_PS/Constraint_Env_Sim/build/sim/gateware/obj_dir/sim.o /home/romir/1_PQC_DTLS_PS/Constraint_Env_Sim/litex/litex/build/sim/core/sim.c
verilator -Wno-fatal -O3 --cc /home/romir/1_PQC_DTLS_PS/Constraint_Env_Sim/pythondata-cpu-vexriscv/pythondata_cpu_vexriscv/verilog/VexRiscv.v --cc /home/romir/1_PQC_DTLS_PS/Constraint_Env_Sim/build/sim/gateware/sim.v  --top-module sim --exe \
	-DPRINTF_COND=0 \
	sim_init.cpp /home/romir/1_PQC_DTLS_PS/Constraint_Env_Sim/litex/litex/build/sim/core/veril.cpp libdylib.o modules.o pads.o parse.o sim.o \
	--top-module sim \
	 \
	-CFLAGS "-ggdb -Wall -O3    -I/home/romir/1_PQC_DTLS_PS/Constraint_Env_Sim/litex/litex/build/sim/core" \
	-LDFLAGS "-lpthread -Wl,--no-as-needed -ljson-c -lz -lm -lstdc++ -Wl,--no-as-needed -ldl -levent " \
	--trace \
	 \
	 \
	 \
	--unroll-count 256 \
	--output-split 5000 \
	--output-split-cfuncs 500 \
	--output-split-ctrace 500 \
	 \
	-Wno-BLKANDNBLK \
	-Wno-WIDTH \
	-Wno-COMBDLY \
	-Wno-CASEINCOMPLETE \
	 \
	--relative-includes 
- V e r i l a t i o n   R e p o r t: Verilator 5.046 2026-02-28 rev fedora-5.046
- Verilator: Built from 0.924 MB sources in 5 modules, into 1.528 MB in 20 C++ files needing 0.001 MB
- Verilator: Walltime 0.439 s (elab=0.047, cvt=0.284, bld=0.000); cpu 0.436 s on 1 threads; allocated 51.707 MB
make -j -C /home/romir/1_PQC_DTLS_PS/Constraint_Env_Sim/build/sim/gateware/obj_dir -f Vsim.mk Vsim
make[1]: Entering directory '/home/romir/1_PQC_DTLS_PS/Constraint_Env_Sim/build/sim/gateware/obj_dir'
g++  -I. -Wall -Wextra -Wfloat-conversion -Wlogical-op -Werror -MMD -I/usr/share/verilator/include -I/usr/share/verilator/include/vltstd -DVERILATOR=1 -DVM_COVERAGE=0 -DVM_SC=0 -DVM_TIMING=0 -DVM_TRACE=1 -DVM_TRACE_FST=0 -DVM_TRACE_VCD=1 -DVM_TRACE_SAIF=0 -faligned-new -fcf-protection=none -Wno-bool-operation -Wno-int-in-bool-context -Wno-shadow -Wno-sign-compare -Wno-subobject-linkage -Wno-tautological-compare -Wno-uninitialized -Wno-unused-but-set-parameter -Wno-unused-but-set-variable -Wno-unused-parameter -Wno-unused-variable    -ggdb -Wall -O3    -I/home/romir/1_PQC_DTLS_PS/Constraint_Env_Sim/litex/litex/build/sim/core   -Os  -c -o veril.o /home/romir/1_PQC_DTLS_PS/Constraint_Env_Sim/litex/litex/build/sim/core/veril.cpp
g++  -I. -Wall -Wextra -Wfloat-conversion -Wlogical-op -Werror -MMD -I/usr/share/verilator/include -I/usr/share/verilator/include/vltstd -DVERILATOR=1 -DVM_COVERAGE=0 -DVM_SC=0 -DVM_TIMING=0 -DVM_TRACE=1 -DVM_TRACE_FST=0 -DVM_TRACE_VCD=1 -DVM_TRACE_SAIF=0 -faligned-new -fcf-protection=none -Wno-bool-operation -Wno-int-in-bool-context -Wno-shadow -Wno-sign-compare -Wno-subobject-linkage -Wno-tautological-compare -Wno-uninitialized -Wno-unused-but-set-parameter -Wno-unused-but-set-variable -Wno-unused-parameter -Wno-unused-variable    -ggdb -Wall -O3    -I/home/romir/1_PQC_DTLS_PS/Constraint_Env_Sim/litex/litex/build/sim/core   -Os  -c -o sim_init.o ../sim_init.cpp
g++ -Os  -I. -Wall -Wextra -Wfloat-conversion -Wlogical-op -Werror -MMD -I/usr/share/verilator/include -I/usr/share/verilator/include/vltstd -DVERILATOR=1 -DVM_COVERAGE=0 -DVM_SC=0 -DVM_TIMING=0 -DVM_TRACE=1 -DVM_TRACE_FST=0 -DVM_TRACE_VCD=1 -DVM_TRACE_SAIF=0 -faligned-new -fcf-protection=none -Wno-bool-operation -Wno-int-in-bool-context -Wno-shadow -Wno-sign-compare -Wno-subobject-linkage -Wno-tautological-compare -Wno-uninitialized -Wno-unused-but-set-parameter -Wno-unused-but-set-variable -Wno-unused-parameter -Wno-unused-variable    -ggdb -Wall -O3    -I/home/romir/1_PQC_DTLS_PS/Constraint_Env_Sim/litex/litex/build/sim/core   -c -o verilated.o /usr/share/verilator/include/verilated.cpp
g++ -Os  -I. -Wall -Wextra -Wfloat-conversion -Wlogical-op -Werror -MMD -I/usr/share/verilator/include -I/usr/share/verilator/include/vltstd -DVERILATOR=1 -DVM_COVERAGE=0 -DVM_SC=0 -DVM_TIMING=0 -DVM_TRACE=1 -DVM_TRACE_FST=0 -DVM_TRACE_VCD=1 -DVM_TRACE_SAIF=0 -faligned-new -fcf-protection=none -Wno-bool-operation -Wno-int-in-bool-context -Wno-shadow -Wno-sign-compare -Wno-subobject-linkage -Wno-tautological-compare -Wno-uninitialized -Wno-unused-but-set-parameter -Wno-unused-but-set-variable -Wno-unused-parameter -Wno-unused-variable    -ggdb -Wall -O3    -I/home/romir/1_PQC_DTLS_PS/Constraint_Env_Sim/litex/litex/build/sim/core   -c -o verilated_dpi.o /usr/share/verilator/include/verilated_dpi.cpp
g++ -Os  -I. -Wall -Wextra -Wfloat-conversion -Wlogical-op -Werror -MMD -I/usr/share/verilator/include -I/usr/share/verilator/include/vltstd -DVERILATOR=1 -DVM_COVERAGE=0 -DVM_SC=0 -DVM_TIMING=0 -DVM_TRACE=1 -DVM_TRACE_FST=0 -DVM_TRACE_VCD=1 -DVM_TRACE_SAIF=0 -faligned-new -fcf-protection=none -Wno-bool-operation -Wno-int-in-bool-context -Wno-shadow -Wno-sign-compare -Wno-subobject-linkage -Wno-tautological-compare -Wno-uninitialized -Wno-unused-but-set-parameter -Wno-unused-but-set-variable -Wno-unused-parameter -Wno-unused-variable    -ggdb -Wall -O3    -I/home/romir/1_PQC_DTLS_PS/Constraint_Env_Sim/litex/litex/build/sim/core   -c -o verilated_vcd_c.o /usr/share/verilator/include/verilated_vcd_c.cpp
g++ -Os  -I. -Wall -Wextra -Wfloat-conversion -Wlogical-op -Werror -MMD -I/usr/share/verilator/include -I/usr/share/verilator/include/vltstd -DVERILATOR=1 -DVM_COVERAGE=0 -DVM_SC=0 -DVM_TIMING=0 -DVM_TRACE=1 -DVM_TRACE_FST=0 -DVM_TRACE_VCD=1 -DVM_TRACE_SAIF=0 -faligned-new -fcf-protection=none -Wno-bool-operation -Wno-int-in-bool-context -Wno-shadow -Wno-sign-compare -Wno-subobject-linkage -Wno-tautological-compare -Wno-uninitialized -Wno-unused-but-set-parameter -Wno-unused-but-set-variable -Wno-unused-parameter -Wno-unused-variable    -ggdb -Wall -O3    -I/home/romir/1_PQC_DTLS_PS/Constraint_Env_Sim/litex/litex/build/sim/core   -c -o verilated_threads.o /usr/share/verilator/include/verilated_threads.cpp
g++ -Os  -I. -Wall -Wextra -Wfloat-conversion -Wlogical-op -Werror -MMD -I/usr/share/verilator/include -I/usr/share/verilator/include/vltstd -DVERILATOR=1 -DVM_COVERAGE=0 -DVM_SC=0 -DVM_TIMING=0 -DVM_TRACE=1 -DVM_TRACE_FST=0 -DVM_TRACE_VCD=1 -DVM_TRACE_SAIF=0 -faligned-new -fcf-protection=none -Wno-bool-operation -Wno-int-in-bool-context -Wno-shadow -Wno-sign-compare -Wno-subobject-linkage -Wno-tautological-compare -Wno-uninitialized -Wno-unused-but-set-parameter -Wno-unused-but-set-variable -Wno-unused-parameter -Wno-unused-variable    -ggdb -Wall -O3    -I/home/romir/1_PQC_DTLS_PS/Constraint_Env_Sim/litex/litex/build/sim/core   -x c++-header Vsim__pch.h -o Vsim__pch.h.fast.gch
g++   -I. -Wall -Wextra -Wfloat-conversion -Wlogical-op -Werror -MMD -I/usr/share/verilator/include -I/usr/share/verilator/include/vltstd -DVERILATOR=1 -DVM_COVERAGE=0 -DVM_SC=0 -DVM_TIMING=0 -DVM_TRACE=1 -DVM_TRACE_FST=0 -DVM_TRACE_VCD=1 -DVM_TRACE_SAIF=0 -faligned-new -fcf-protection=none -Wno-bool-operation -Wno-int-in-bool-context -Wno-shadow -Wno-sign-compare -Wno-subobject-linkage -Wno-tautological-compare -Wno-uninitialized -Wno-unused-but-set-parameter -Wno-unused-but-set-variable -Wno-unused-parameter -Wno-unused-variable    -ggdb -Wall -O3    -I/home/romir/1_PQC_DTLS_PS/Constraint_Env_Sim/litex/litex/build/sim/core   -x c++-header Vsim__pch.h -o Vsim__pch.h.slow.gch
g++   -I. -Wall -Wextra -Wfloat-conversion -Wlogical-op -Werror -MMD -I/usr/share/verilator/include -I/usr/share/verilator/include/vltstd -DVERILATOR=1 -DVM_COVERAGE=0 -DVM_SC=0 -DVM_TIMING=0 -DVM_TRACE=1 -DVM_TRACE_FST=0 -DVM_TRACE_VCD=1 -DVM_TRACE_SAIF=0 -faligned-new -fcf-protection=none -Wno-bool-operation -Wno-int-in-bool-context -Wno-shadow -Wno-sign-compare -Wno-subobject-linkage -Wno-tautological-compare -Wno-uninitialized -Wno-unused-but-set-parameter -Wno-unused-but-set-variable -Wno-unused-parameter -Wno-unused-variable    -ggdb -Wall -O3    -I/home/romir/1_PQC_DTLS_PS/Constraint_Env_Sim/litex/litex/build/sim/core   -include Vsim__pch.h.slow -c -o Vsim__ConstPool__0__Slow.o Vsim__ConstPool__0__Slow.cpp
g++   -I. -Wall -Wextra -Wfloat-conversion -Wlogical-op -Werror -MMD -I/usr/share/verilator/include -I/usr/share/verilator/include/vltstd -DVERILATOR=1 -DVM_COVERAGE=0 -DVM_SC=0 -DVM_TIMING=0 -DVM_TRACE=1 -DVM_TRACE_FST=0 -DVM_TRACE_VCD=1 -DVM_TRACE_SAIF=0 -faligned-new -fcf-protection=none -Wno-bool-operation -Wno-int-in-bool-context -Wno-shadow -Wno-sign-compare -Wno-subobject-linkage -Wno-tautological-compare -Wno-uninitialized -Wno-unused-but-set-parameter -Wno-unused-but-set-variable -Wno-unused-parameter -Wno-unused-variable    -ggdb -Wall -O3    -I/home/romir/1_PQC_DTLS_PS/Constraint_Env_Sim/litex/litex/build/sim/core   -include Vsim__pch.h.slow -c -o Vsim___024root__Slow.o Vsim___024root__Slow.cpp
g++   -I. -Wall -Wextra -Wfloat-conversion -Wlogical-op -Werror -MMD -I/usr/share/verilator/include -I/usr/share/verilator/include/vltstd -DVERILATOR=1 -DVM_COVERAGE=0 -DVM_SC=0 -DVM_TIMING=0 -DVM_TRACE=1 -DVM_TRACE_FST=0 -DVM_TRACE_VCD=1 -DVM_TRACE_SAIF=0 -faligned-new -fcf-protection=none -Wno-bool-operation -Wno-int-in-bool-context -Wno-shadow -Wno-sign-compare -Wno-subobject-linkage -Wno-tautological-compare -Wno-uninitialized -Wno-unused-but-set-parameter -Wno-unused-but-set-variable -Wno-unused-parameter -Wno-unused-variable    -ggdb -Wall -O3    -I/home/romir/1_PQC_DTLS_PS/Constraint_Env_Sim/litex/litex/build/sim/core   -include Vsim__pch.h.slow -c -o Vsim___024root__0__Slow.o Vsim___024root__0__Slow.cpp
g++   -I. -Wall -Wextra -Wfloat-conversion -Wlogical-op -Werror -MMD -I/usr/share/verilator/include -I/usr/share/verilator/include/vltstd -DVERILATOR=1 -DVM_COVERAGE=0 -DVM_SC=0 -DVM_TIMING=0 -DVM_TRACE=1 -DVM_TRACE_FST=0 -DVM_TRACE_VCD=1 -DVM_TRACE_SAIF=0 -faligned-new -fcf-protection=none -Wno-bool-operation -Wno-int-in-bool-context -Wno-shadow -Wno-sign-compare -Wno-subobject-linkage -Wno-tautological-compare -Wno-uninitialized -Wno-unused-but-set-parameter -Wno-unused-but-set-variable -Wno-unused-parameter -Wno-unused-variable    -ggdb -Wall -O3    -I/home/romir/1_PQC_DTLS_PS/Constraint_Env_Sim/litex/litex/build/sim/core   -include Vsim__pch.h.slow -c -o Vsim_sim__Slow.o Vsim_sim__Slow.cpp
g++   -I. -Wall -Wextra -Wfloat-conversion -Wlogical-op -Werror -MMD -I/usr/share/verilator/include -I/usr/share/verilator/include/vltstd -DVERILATOR=1 -DVM_COVERAGE=0 -DVM_SC=0 -DVM_TIMING=0 -DVM_TRACE=1 -DVM_TRACE_FST=0 -DVM_TRACE_VCD=1 -DVM_TRACE_SAIF=0 -faligned-new -fcf-protection=none -Wno-bool-operation -Wno-int-in-bool-context -Wno-shadow -Wno-sign-compare -Wno-subobject-linkage -Wno-tautological-compare -Wno-uninitialized -Wno-unused-but-set-parameter -Wno-unused-but-set-variable -Wno-unused-parameter -Wno-unused-variable    -ggdb -Wall -O3    -I/home/romir/1_PQC_DTLS_PS/Constraint_Env_Sim/litex/litex/build/sim/core   -include Vsim__pch.h.slow -c -o Vsim_sim__0__Slow.o Vsim_sim__0__Slow.cpp
g++   -I. -Wall -Wextra -Wfloat-conversion -Wlogical-op -Werror -MMD -I/usr/share/verilator/include -I/usr/share/verilator/include/vltstd -DVERILATOR=1 -DVM_COVERAGE=0 -DVM_SC=0 -DVM_TIMING=0 -DVM_TRACE=1 -DVM_TRACE_FST=0 -DVM_TRACE_VCD=1 -DVM_TRACE_SAIF=0 -faligned-new -fcf-protection=none -Wno-bool-operation -Wno-int-in-bool-context -Wno-shadow -Wno-sign-compare -Wno-subobject-linkage -Wno-tautological-compare -Wno-uninitialized -Wno-unused-but-set-parameter -Wno-unused-but-set-variable -Wno-unused-parameter -Wno-unused-variable    -ggdb -Wall -O3    -I/home/romir/1_PQC_DTLS_PS/Constraint_Env_Sim/litex/litex/build/sim/core   -include Vsim__pch.h.slow -c -o Vsim_VexRiscv__Slow.o Vsim_VexRiscv__Slow.cpp
g++   -I. -Wall -Wextra -Wfloat-conversion -Wlogical-op -Werror -MMD -I/usr/share/verilator/include -I/usr/share/verilator/include/vltstd -DVERILATOR=1 -DVM_COVERAGE=0 -DVM_SC=0 -DVM_TIMING=0 -DVM_TRACE=1 -DVM_TRACE_FST=0 -DVM_TRACE_VCD=1 -DVM_TRACE_SAIF=0 -faligned-new -fcf-protection=none -Wno-bool-operation -Wno-int-in-bool-context -Wno-shadow -Wno-sign-compare -Wno-subobject-linkage -Wno-tautological-compare -Wno-uninitialized -Wno-unused-but-set-parameter -Wno-unused-but-set-variable -Wno-unused-parameter -Wno-unused-variable    -ggdb -Wall -O3    -I/home/romir/1_PQC_DTLS_PS/Constraint_Env_Sim/litex/litex/build/sim/core   -include Vsim__pch.h.slow -c -o Vsim_VexRiscv__0__Slow.o Vsim_VexRiscv__0__Slow.cpp
g++   -I. -Wall -Wextra -Wfloat-conversion -Wlogical-op -Werror -MMD -I/usr/share/verilator/include -I/usr/share/verilator/include/vltstd -DVERILATOR=1 -DVM_COVERAGE=0 -DVM_SC=0 -DVM_TIMING=0 -DVM_TRACE=1 -DVM_TRACE_FST=0 -DVM_TRACE_VCD=1 -DVM_TRACE_SAIF=0 -faligned-new -fcf-protection=none -Wno-bool-operation -Wno-int-in-bool-context -Wno-shadow -Wno-sign-compare -Wno-subobject-linkage -Wno-tautological-compare -Wno-uninitialized -Wno-unused-but-set-parameter -Wno-unused-but-set-variable -Wno-unused-parameter -Wno-unused-variable    -ggdb -Wall -O3    -I/home/romir/1_PQC_DTLS_PS/Constraint_Env_Sim/litex/litex/build/sim/core   -include Vsim__pch.h.slow -c -o Vsim_VexRiscv__1__Slow.o Vsim_VexRiscv__1__Slow.cpp
g++   -I. -Wall -Wextra -Wfloat-conversion -Wlogical-op -Werror -MMD -I/usr/share/verilator/include -I/usr/share/verilator/include/vltstd -DVERILATOR=1 -DVM_COVERAGE=0 -DVM_SC=0 -DVM_TIMING=0 -DVM_TRACE=1 -DVM_TRACE_FST=0 -DVM_TRACE_VCD=1 -DVM_TRACE_SAIF=0 -faligned-new -fcf-protection=none -Wno-bool-operation -Wno-int-in-bool-context -Wno-shadow -Wno-sign-compare -Wno-subobject-linkage -Wno-tautological-compare -Wno-uninitialized -Wno-unused-but-set-parameter -Wno-unused-but-set-variable -Wno-unused-parameter -Wno-unused-variable    -ggdb -Wall -O3    -I/home/romir/1_PQC_DTLS_PS/Constraint_Env_Sim/litex/litex/build/sim/core   -include Vsim__pch.h.slow -c -o Vsim__Syms__Slow.o Vsim__Syms__Slow.cpp
g++   -I. -Wall -Wextra -Wfloat-conversion -Wlogical-op -Werror -MMD -I/usr/share/verilator/include -I/usr/share/verilator/include/vltstd -DVERILATOR=1 -DVM_COVERAGE=0 -DVM_SC=0 -DVM_TIMING=0 -DVM_TRACE=1 -DVM_TRACE_FST=0 -DVM_TRACE_VCD=1 -DVM_TRACE_SAIF=0 -faligned-new -fcf-protection=none -Wno-bool-operation -Wno-int-in-bool-context -Wno-shadow -Wno-sign-compare -Wno-subobject-linkage -Wno-tautological-compare -Wno-uninitialized -Wno-unused-but-set-parameter -Wno-unused-but-set-variable -Wno-unused-parameter -Wno-unused-variable    -ggdb -Wall -O3    -I/home/romir/1_PQC_DTLS_PS/Constraint_Env_Sim/litex/litex/build/sim/core   -include Vsim__pch.h.slow -c -o Vsim__Trace__0__Slow.o Vsim__Trace__0__Slow.cpp
g++   -I. -Wall -Wextra -Wfloat-conversion -Wlogical-op -Werror -MMD -I/usr/share/verilator/include -I/usr/share/verilator/include/vltstd -DVERILATOR=1 -DVM_COVERAGE=0 -DVM_SC=0 -DVM_TIMING=0 -DVM_TRACE=1 -DVM_TRACE_FST=0 -DVM_TRACE_VCD=1 -DVM_TRACE_SAIF=0 -faligned-new -fcf-protection=none -Wno-bool-operation -Wno-int-in-bool-context -Wno-shadow -Wno-sign-compare -Wno-subobject-linkage -Wno-tautological-compare -Wno-uninitialized -Wno-unused-but-set-parameter -Wno-unused-but-set-variable -Wno-unused-parameter -Wno-unused-variable    -ggdb -Wall -O3    -I/home/romir/1_PQC_DTLS_PS/Constraint_Env_Sim/litex/litex/build/sim/core   -include Vsim__pch.h.slow -c -o Vsim__Trace__1__Slow.o Vsim__Trace__1__Slow.cpp
g++   -I. -Wall -Wextra -Wfloat-conversion -Wlogical-op -Werror -MMD -I/usr/share/verilator/include -I/usr/share/verilator/include/vltstd -DVERILATOR=1 -DVM_COVERAGE=0 -DVM_SC=0 -DVM_TIMING=0 -DVM_TRACE=1 -DVM_TRACE_FST=0 -DVM_TRACE_VCD=1 -DVM_TRACE_SAIF=0 -faligned-new -fcf-protection=none -Wno-bool-operation -Wno-int-in-bool-context -Wno-shadow -Wno-sign-compare -Wno-subobject-linkage -Wno-tautological-compare -Wno-uninitialized -Wno-unused-but-set-parameter -Wno-unused-but-set-variable -Wno-unused-parameter -Wno-unused-variable    -ggdb -Wall -O3    -I/home/romir/1_PQC_DTLS_PS/Constraint_Env_Sim/litex/litex/build/sim/core   -include Vsim__pch.h.slow -c -o Vsim__TraceDecls__0__Slow.o Vsim__TraceDecls__0__Slow.cpp
g++ -Os  -I. -Wall -Wextra -Wfloat-conversion -Wlogical-op -Werror -MMD -I/usr/share/verilator/include -I/usr/share/verilator/include/vltstd -DVERILATOR=1 -DVM_COVERAGE=0 -DVM_SC=0 -DVM_TIMING=0 -DVM_TRACE=1 -DVM_TRACE_FST=0 -DVM_TRACE_VCD=1 -DVM_TRACE_SAIF=0 -faligned-new -fcf-protection=none -Wno-bool-operation -Wno-int-in-bool-context -Wno-shadow -Wno-sign-compare -Wno-subobject-linkage -Wno-tautological-compare -Wno-uninitialized -Wno-unused-but-set-parameter -Wno-unused-but-set-variable -Wno-unused-parameter -Wno-unused-variable    -ggdb -Wall -O3    -I/home/romir/1_PQC_DTLS_PS/Constraint_Env_Sim/litex/litex/build/sim/core   -include Vsim__pch.h.fast -c -o Vsim.o Vsim.cpp
g++ -Os  -I. -Wall -Wextra -Wfloat-conversion -Wlogical-op -Werror -MMD -I/usr/share/verilator/include -I/usr/share/verilator/include/vltstd -DVERILATOR=1 -DVM_COVERAGE=0 -DVM_SC=0 -DVM_TIMING=0 -DVM_TRACE=1 -DVM_TRACE_FST=0 -DVM_TRACE_VCD=1 -DVM_TRACE_SAIF=0 -faligned-new -fcf-protection=none -Wno-bool-operation -Wno-int-in-bool-context -Wno-shadow -Wno-sign-compare -Wno-subobject-linkage -Wno-tautological-compare -Wno-uninitialized -Wno-unused-but-set-parameter -Wno-unused-but-set-variable -Wno-unused-parameter -Wno-unused-variable    -ggdb -Wall -O3    -I/home/romir/1_PQC_DTLS_PS/Constraint_Env_Sim/litex/litex/build/sim/core   -include Vsim__pch.h.fast -c -o Vsim___024root__0.o Vsim___024root__0.cpp
g++ -Os  -I. -Wall -Wextra -Wfloat-conversion -Wlogical-op -Werror -MMD -I/usr/share/verilator/include -I/usr/share/verilator/include/vltstd -DVERILATOR=1 -DVM_COVERAGE=0 -DVM_SC=0 -DVM_TIMING=0 -DVM_TRACE=1 -DVM_TRACE_FST=0 -DVM_TRACE_VCD=1 -DVM_TRACE_SAIF=0 -faligned-new -fcf-protection=none -Wno-bool-operation -Wno-int-in-bool-context -Wno-shadow -Wno-sign-compare -Wno-subobject-linkage -Wno-tautological-compare -Wno-uninitialized -Wno-unused-but-set-parameter -Wno-unused-but-set-variable -Wno-unused-parameter -Wno-unused-variable    -ggdb -Wall -O3    -I/home/romir/1_PQC_DTLS_PS/Constraint_Env_Sim/litex/litex/build/sim/core   -include Vsim__pch.h.fast -c -o Vsim_sim__0.o Vsim_sim__0.cpp
g++ -Os  -I. -Wall -Wextra -Wfloat-conversion -Wlogical-op -Werror -MMD -I/usr/share/verilator/include -I/usr/share/verilator/include/vltstd -DVERILATOR=1 -DVM_COVERAGE=0 -DVM_SC=0 -DVM_TIMING=0 -DVM_TRACE=1 -DVM_TRACE_FST=0 -DVM_TRACE_VCD=1 -DVM_TRACE_SAIF=0 -faligned-new -fcf-protection=none -Wno-bool-operation -Wno-int-in-bool-context -Wno-shadow -Wno-sign-compare -Wno-subobject-linkage -Wno-tautological-compare -Wno-uninitialized -Wno-unused-but-set-parameter -Wno-unused-but-set-variable -Wno-unused-parameter -Wno-unused-variable    -ggdb -Wall -O3    -I/home/romir/1_PQC_DTLS_PS/Constraint_Env_Sim/litex/litex/build/sim/core   -include Vsim__pch.h.fast -c -o Vsim_sim__1.o Vsim_sim__1.cpp
g++ -Os  -I. -Wall -Wextra -Wfloat-conversion -Wlogical-op -Werror -MMD -I/usr/share/verilator/include -I/usr/share/verilator/include/vltstd -DVERILATOR=1 -DVM_COVERAGE=0 -DVM_SC=0 -DVM_TIMING=0 -DVM_TRACE=1 -DVM_TRACE_FST=0 -DVM_TRACE_VCD=1 -DVM_TRACE_SAIF=0 -faligned-new -fcf-protection=none -Wno-bool-operation -Wno-int-in-bool-context -Wno-shadow -Wno-sign-compare -Wno-subobject-linkage -Wno-tautological-compare -Wno-uninitialized -Wno-unused-but-set-parameter -Wno-unused-but-set-variable -Wno-unused-parameter -Wno-unused-variable    -ggdb -Wall -O3    -I/home/romir/1_PQC_DTLS_PS/Constraint_Env_Sim/litex/litex/build/sim/core   -include Vsim__pch.h.fast -c -o Vsim_VexRiscv__0.o Vsim_VexRiscv__0.cpp
g++ -Os  -I. -Wall -Wextra -Wfloat-conversion -Wlogical-op -Werror -MMD -I/usr/share/verilator/include -I/usr/share/verilator/include/vltstd -DVERILATOR=1 -DVM_COVERAGE=0 -DVM_SC=0 -DVM_TIMING=0 -DVM_TRACE=1 -DVM_TRACE_FST=0 -DVM_TRACE_VCD=1 -DVM_TRACE_SAIF=0 -faligned-new -fcf-protection=none -Wno-bool-operation -Wno-int-in-bool-context -Wno-shadow -Wno-sign-compare -Wno-subobject-linkage -Wno-tautological-compare -Wno-uninitialized -Wno-unused-but-set-parameter -Wno-unused-but-set-variable -Wno-unused-parameter -Wno-unused-variable    -ggdb -Wall -O3    -I/home/romir/1_PQC_DTLS_PS/Constraint_Env_Sim/litex/litex/build/sim/core   -include Vsim__pch.h.fast -c -o Vsim_VexRiscv__1.o Vsim_VexRiscv__1.cpp
g++ -Os  -I. -Wall -Wextra -Wfloat-conversion -Wlogical-op -Werror -MMD -I/usr/share/verilator/include -I/usr/share/verilator/include/vltstd -DVERILATOR=1 -DVM_COVERAGE=0 -DVM_SC=0 -DVM_TIMING=0 -DVM_TRACE=1 -DVM_TRACE_FST=0 -DVM_TRACE_VCD=1 -DVM_TRACE_SAIF=0 -faligned-new -fcf-protection=none -Wno-bool-operation -Wno-int-in-bool-context -Wno-shadow -Wno-sign-compare -Wno-subobject-linkage -Wno-tautological-compare -Wno-uninitialized -Wno-unused-but-set-parameter -Wno-unused-but-set-variable -Wno-unused-parameter -Wno-unused-variable    -ggdb -Wall -O3    -I/home/romir/1_PQC_DTLS_PS/Constraint_Env_Sim/litex/litex/build/sim/core   -include Vsim__pch.h.fast -c -o Vsim__Dpi.o Vsim__Dpi.cpp
g++ -Os  -I. -Wall -Wextra -Wfloat-conversion -Wlogical-op -Werror -MMD -I/usr/share/verilator/include -I/usr/share/verilator/include/vltstd -DVERILATOR=1 -DVM_COVERAGE=0 -DVM_SC=0 -DVM_TIMING=0 -DVM_TRACE=1 -DVM_TRACE_FST=0 -DVM_TRACE_VCD=1 -DVM_TRACE_SAIF=0 -faligned-new -fcf-protection=none -Wno-bool-operation -Wno-int-in-bool-context -Wno-shadow -Wno-sign-compare -Wno-subobject-linkage -Wno-tautological-compare -Wno-uninitialized -Wno-unused-but-set-parameter -Wno-unused-but-set-variable -Wno-unused-parameter -Wno-unused-variable    -ggdb -Wall -O3    -I/home/romir/1_PQC_DTLS_PS/Constraint_Env_Sim/litex/litex/build/sim/core   -include Vsim__pch.h.fast -c -o Vsim__Trace__0.o Vsim__Trace__0.cpp
g++    veril.o sim_init.o verilated.o verilated_dpi.o verilated_vcd_c.o verilated_threads.o Vsim__ALL.a   libdylib.o modules.o pads.o parse.o sim.o -lpthread -Wl,--no-as-needed -ljson-c -lz -lm -lstdc++ -Wl,--no-as-needed -ldl -levent  -pthread -lpthread   -o Vsim
rm Vsim__ALL.verilator_deplist.tmp
make[1]: Leaving directory '/home/romir/1_PQC_DTLS_PS/Constraint_Env_Sim/build/sim/gateware/obj_dir'
make: Leaving directory '/home/romir/1_PQC_DTLS_PS/Constraint_Env_Sim/build/sim/gateware'
