INFO:SoC:        __   _ __      _  __  
INFO:SoC:       / /  (_) /____ | |/_/  
INFO:SoC:      / /__/ / __/ -_)>  <    
INFO:SoC:     /____/_/\__/\__/_/|_|  
INFO:SoC:  Build your hardware, easily!
INFO:SoC:--------------------------------------------------------------------------------
INFO:SoC:Creating SoC... (2026-09-05 16:08:09)
INFO:SoC:--------------------------------------------------------------------------------
INFO:SoC:FPGA device : SIM.
INFO:SoC:System clock: 1.000MHz.
INFO:SoCBusHandler:Creating Bus Handler...
INFO:SoCBusHandler:32-bit wishbone Bus, 4.0GiB Address Space.
INFO:SoCBusHandler:Adding reserved Bus Regions...
INFO:SoCBusHandler:Bus Handler created.
INFO:SoCCSRHandler:Creating CSR Handler...
INFO:SoCCSRHandler:32-bit CSR Bus, 32-bit Aligned, 16.0KiB Address Space, 2048B Paging, big Ordering (Up to 32 Locations).
INFO:SoCCSRHandler:Adding reserved CSRs...
INFO:SoCCSRHandler:CSR Handler created.
INFO:SoCIRQHandler:Creating IRQ Handler...
INFO:SoCIRQHandler:IRQ Handler (up to 32 Locations).
INFO:SoCIRQHandler:Adding reserved IRQs...
INFO:SoCIRQHandler:IRQ Handler created.
INFO:SoC:--------------------------------------------------------------------------------
INFO:SoC:Initial SoC:
INFO:SoC:--------------------------------------------------------------------------------
INFO:SoC:32-bit wishbone Bus, 4.0GiB Address Space.
INFO:SoC:32-bit CSR Bus, 32-bit Aligned, 16.0KiB Address Space, 2048B Paging, big Ordering (Up to 32 Locations).
INFO:SoC:IRQ Handler (up to 32 Locations).
INFO:SoC:--------------------------------------------------------------------------------
INFO:SoC:Controller ctrl added.
INFO:SoC:CPU vexriscv added.
INFO:SoC:CPU vexriscv adding IO Region 0 at 0x80000000 (Size: 0x80000000).
INFO:SoCBusHandler:io0 Region added at Origin: 0x80000000, Size: 0x80000000, Mode:  RW, Cached: False, Linker: False.
INFO:SoC:CPU vexriscv overriding sram mapping from 0x01000000 to 0x10000000.
INFO:SoC:CPU vexriscv setting reset address to 0x00000000.
INFO:SoC:CPU vexriscv adding Bus Master(s).
INFO:SoCBusHandler:cpu_bus0 added as Bus Master.
INFO:SoCBusHandler:cpu_bus1 added as Bus Master.
INFO:SoC:CPU vexriscv adding Interrupt(s).
INFO:SoC:CPU vexriscv adding SoC components.
INFO:SoCBusHandler:rom Region added at Origin: 0x00000000, Size: 0x00020000, Mode:  RX, Cached:  True, Linker: False.
INFO:SoCBusHandler:rom added as Bus Slave.
INFO:SoC:RAM rom added Origin: 0x00000000, Size: 0x00020000, Mode:  RX, Cached:  True, Linker: False.
INFO:SoCBusHandler:sram Region added at Origin: 0x10000000, Size: 0x00002000, Mode: RWX, Cached:  True, Linker: False.
INFO:SoCBusHandler:sram added as Bus Slave.
INFO:SoC:RAM sram added Origin: 0x10000000, Size: 0x00002000, Mode: RWX, Cached:  True, Linker: False.
INFO:SoCRegion:Region size rounded internally from 0x06400000 to 0x08000000.
INFO:SoCBusHandler:main_ram Region added at Origin: 0x40000000, Size: 0x06400000, Mode: RWX, Cached:  True, Linker: False.
INFO:SoCBusHandler:main_ram added as Bus Slave.
INFO:SoC:RAM main_ram added Origin: 0x40000000, Size: 0x06400000, Mode: RWX, Cached:  True, Linker: False.
INFO:SoCIRQHandler:uart IRQ allocated at Location 0.
INFO:SoCIRQHandler:timer0 IRQ allocated at Location 1.
{'boot/boot.bin': '00000000'}
INFO:SoC:        __   _ __      _  __  
INFO:SoC:       / /  (_) /____ | |/_/  
INFO:SoC:      / /__/ / __/ -_)>  <    
INFO:SoC:     /____/_/\__/\__/_/|_|  
INFO:SoC:  Build your hardware, easily!
INFO:SoC:--------------------------------------------------------------------------------
INFO:SoC:Creating SoC... (2026-09-05 16:08:09)
INFO:SoC:--------------------------------------------------------------------------------
INFO:SoC:FPGA device : SIM.
INFO:SoC:System clock: 1.000MHz.
INFO:SoCBusHandler:Creating Bus Handler...
INFO:SoCBusHandler:32-bit wishbone Bus, 4.0GiB Address Space.
INFO:SoCBusHandler:Adding reserved Bus Regions...
INFO:SoCBusHandler:Bus Handler created.
INFO:SoCCSRHandler:Creating CSR Handler...
INFO:SoCCSRHandler:32-bit CSR Bus, 32-bit Aligned, 16.0KiB Address Space, 2048B Paging, big Ordering (Up to 32 Locations).
INFO:SoCCSRHandler:Adding reserved CSRs...
INFO:SoCCSRHandler:CSR Handler created.
INFO:SoCIRQHandler:Creating IRQ Handler...
INFO:SoCIRQHandler:IRQ Handler (up to 32 Locations).
INFO:SoCIRQHandler:Adding reserved IRQs...
INFO:SoCIRQHandler:IRQ Handler created.
INFO:SoC:--------------------------------------------------------------------------------
INFO:SoC:Initial SoC:
INFO:SoC:--------------------------------------------------------------------------------
INFO:SoC:32-bit wishbone Bus, 4.0GiB Address Space.
INFO:SoC:32-bit CSR Bus, 32-bit Aligned, 16.0KiB Address Space, 2048B Paging, big Ordering (Up to 32 Locations).
INFO:SoC:IRQ Handler (up to 32 Locations).
INFO:SoC:--------------------------------------------------------------------------------
INFO:SoC:Controller ctrl added.
INFO:SoC:CPU vexriscv added.
INFO:SoC:CPU vexriscv adding IO Region 0 at 0x80000000 (Size: 0x80000000).
INFO:SoCBusHandler:io0 Region added at Origin: 0x80000000, Size: 0x80000000, Mode:  RW, Cached: False, Linker: False.
INFO:SoC:CPU vexriscv setting reset address to 0x00000000.
INFO:SoC:CPU vexriscv adding Bus Master(s).
INFO:SoCBusHandler:cpu_bus0 added as Bus Master.
INFO:SoCBusHandler:cpu_bus1 added as Bus Master.
INFO:SoC:CPU vexriscv adding Interrupt(s).
INFO:SoC:CPU vexriscv adding SoC components.
INFO:SoCBusHandler:rom Region added at Origin: 0x00000000, Size: 0x00020000, Mode:  RX, Cached:  True, Linker: False.
INFO:SoCBusHandler:rom added as Bus Slave.
INFO:SoC:RAM rom added Origin: 0x00000000, Size: 0x00020000, Mode:  RX, Cached:  True, Linker: False.
INFO:SoCBusHandler:sram Region added at Origin: 0x10000000, Size: 0x00002000, Mode: RWX, Cached:  True, Linker: False.
INFO:SoCBusHandler:sram added as Bus Slave.
INFO:SoC:RAM sram added Origin: 0x10000000, Size: 0x00002000, Mode: RWX, Cached:  True, Linker: False.
INFO:SoCRegion:Region size rounded internally from 0x06400000 to 0x08000000.
INFO:SoCBusHandler:main_ram Region added at Origin: 0x40000000, Size: 0x06400000, Mode: RWX, Cached:  True, Linker: False.
INFO:SoCBusHandler:main_ram added as Bus Slave.
INFO:SoC:RAM main_ram added Origin: 0x40000000, Size: 0x06400000, Mode: RWX, Cached:  True, Linker: False.
INFO:SoCIRQHandler:uart IRQ allocated at Location 0.
INFO:SoCIRQHandler:timer0 IRQ allocated at Location 1.
INFO:SoCRegion:Region size rounded internally from 0x00003000 to 0x00004000.
INFO:SoCBusHandler:Allocating IO Region of size 0x00003000...
INFO:SoCRegion:Region size rounded internally from 0x00003000 to 0x00004000.
INFO:SoCBusHandler:ethmac Region allocated at Origin: 0x80000000, Size: 0x00003000, Mode:  RW, Cached: False, Linker:  True.
INFO:SoCBusHandler:ethmac_rx Region added at Origin: 0x80000000, Size: 0x00002000, Mode:  RW, Cached: False, Linker:  True.
INFO:SoCBusHandler:ethmac_rx added as Bus Slave.
INFO:SoCBusHandler:ethmac_tx Region added at Origin: 0x80002000, Size: 0x00001000, Mode:  RW, Cached: False, Linker:  True.
INFO:SoCBusHandler:ethmac_tx added as Bus Slave.
INFO:SoCIRQHandler:ethmac IRQ allocated at Location 2.
INFO:SoC:CSR Bridge csr added.
INFO:SoCBusHandler:csr Region added at Origin: 0xf0000000, Size: 0x00010000, Mode:  RW, Cached: False, Linker: False.
INFO:SoCBusHandler:csr added as Bus Slave.
INFO:SoCCSRHandler:csr added as CSR Master.
INFO:SoCBusHandler:Interconnect: InterconnectShared (2 <-> 6).
INFO:SoCCSRHandler:ctrl CSR allocated at Location 0.
INFO:SoCCSRHandler:ethmac CSR allocated at Location 1.
INFO:SoCCSRHandler:ethphy CSR allocated at Location 2.
INFO:SoCCSRHandler:identifier_mem CSR allocated at Location 3.
INFO:SoCCSRHandler:timer0 CSR allocated at Location 4.
INFO:SoCCSRHandler:uart CSR allocated at Location 5.
INFO:SoC:--------------------------------------------------------------------------------
INFO:SoC:Finalized SoC:
INFO:SoC:--------------------------------------------------------------------------------
INFO:SoC:32-bit wishbone Bus, 4.0GiB Address Space.
IO Regions: (1)
io0                 : Origin: 0x80000000, Size: 0x80000000, Mode:  RW, Cached: False, Linker: False
Bus Regions: (7)
rom                 : Origin: 0x00000000, Size: 0x00020000, Mode:  RX, Cached:  True, Linker: False
sram                : Origin: 0x10000000, Size: 0x00002000, Mode: RWX, Cached:  True, Linker: False
main_ram            : Origin: 0x40000000, Size: 0x06400000, Mode: RWX, Cached:  True, Linker: False
ethmac              : Origin: 0x80000000, Size: 0x00003000, Mode:  RW, Cached: False, Linker:  True
ethmac_rx           : Origin: 0x80000000, Size: 0x00002000, Mode:  RW, Cached: False, Linker:  True
ethmac_tx           : Origin: 0x80002000, Size: 0x00001000, Mode:  RW, Cached: False, Linker:  True
csr                 : Origin: 0xf0000000, Size: 0x00010000, Mode:  RW, Cached: False, Linker: False
Bus Masters: (2)
- cpu_bus0          : rw
- cpu_bus1          : rw
Bus Slaves: (6)
- rom               : r
- sram              : rw
- main_ram          : rw
- ethmac_rx         : r
- ethmac_tx         : rw
- csr               : rw
INFO:SoC:32-bit CSR Bus, 32-bit Aligned, 16.0KiB Address Space, 2048B Paging, big Ordering (Up to 32 Locations).
CSR Locations: (6)
- ctrl           : 0
- ethmac         : 1
- ethphy         : 2
- identifier_mem : 3
- timer0         : 4
- uart           : 5
INFO:SoC:IRQ Handler (up to 32 Locations).
IRQ Locations: (3)
- uart   : 0
- timer0 : 1
- ethmac : 2
INFO:SoC:--------------------------------------------------------------------------------
INFO:SoC:--------------------------------------------------------------------------------
INFO:SoC:SoC Hierarchy:
INFO:SoC:--------------------------------------------------------------------------------
INFO:SoC:
SimSoC
└─── crg (CRG)
└─── bus (SoCBusHandler)
│    └─── _interconnect (InterconnectShared)
│    │    └─── arbiter (Arbiter)
│    │    │    └─── rr (RoundRobin)
│    │    └─── decoder (Decoder)
│    │    └─── timeout (Timeout)
│    │    │    └─── waittimer_0* (WaitTimer)
└─── csr (SoCCSRHandler)
└─── irq (SoCIRQHandler)
└─── ctrl (SoCController)
└─── cpu (VexRiscv)
│    └─── [VexRiscv]
└─── rom (SRAM)
└─── sram (SRAM)
└─── main_ram (SRAM)
└─── identifier (Identifier)
└─── uart (UART)
│    └─── ev (EventManager)
│    │    └─── eventsourcelevel_0* (EventSourceLevel)
│    │    └─── eventsourcelevel_1* (EventSourceLevel)
│    └─── phy (RS232PHYModel)
│    └─── tx_fifo (SyncFIFO)
│    │    └─── fifo (SyncFIFOBuffered)
│    │    │    └─── fifo (SyncFIFO)
│    └─── rx_fifo (SyncFIFO)
│    │    └─── fifo (SyncFIFOBuffered)
│    │    │    └─── fifo (SyncFIFO)
└─── timer0 (Timer)
│    └─── ev (EventManager)
│    │    └─── eventsourceprocess_0* (EventSourceProcess)
└─── ethphy (LiteEthPHYModel)
│    └─── crg (LiteEthPHYModelCRG)
└─── ethmac (LiteEthMAC)
│    └─── core (LiteEthMACCore)
│    │    └─── tx_datapath (TXDatapath)
│    │    │    └─── clockdomaincrossing_0* (ClockDomainCrossing)
│    │    │    │    └─── asyncfifo_0* (AsyncFIFO)
│    │    │    │    │    └─── fifo (AsyncFIFO)
│    │    │    │    │    │    └─── graycounter_0* (GrayCounter)
│    │    │    │    │    │    └─── graycounter_1* (GrayCounter)
│    │    │    └─── strideconverter_0* (StrideConverter)
│    │    │    │    └─── converter_0* (Converter)
│    │    │    │    │    └─── _downconverter_0* (_DownConverter)
│    │    │    └─── liteethmactxlastbe_0* (LiteEthMACTXLastBE)
│    │    │    │    └─── last_handler (LiteEthLastHandler)
│    │    │    │    │    └─── fsm (FSM)
│    │    │    └─── liteethmacpaddinginserter_0* (LiteEthMACPaddingInserter)
│    │    │    │    └─── fsm (FSM)
│    │    │    └─── liteethmacgap_0* (LiteEthMACGap)
│    │    │    │    └─── fsm (FSM)
│    │    │    └─── pipeline_0* (Pipeline)
│    │    └─── rx_datapath (RXDatapath)
│    │    │    └─── liteethmacpaddingchecker_0* (LiteEthMACPaddingChecker)
│    │    │    └─── liteethmacrxlastbe_0* (LiteEthMACRXLastBE)
│    │    │    └─── strideconverter_0* (StrideConverter)
│    │    │    │    └─── converter_0* (Converter)
│    │    │    │    │    └─── _upconverter_0* (_UpConverter)
│    │    │    └─── clockdomaincrossing_0* (ClockDomainCrossing)
│    │    │    │    └─── asyncfifo_0* (AsyncFIFO)
│    │    │    │    │    └─── fifo (AsyncFIFO)
│    │    │    │    │    │    └─── graycounter_0* (GrayCounter)
│    │    │    │    │    │    └─── graycounter_1* (GrayCounter)
│    │    │    └─── pipeline_0* (Pipeline)
│    └─── interface (LiteEthMACWishboneInterface)
│    │    └─── sram (LiteEthMACSRAM)
│    │    │    └─── writer (LiteEthMACSRAMWriter)
│    │    │    │    └─── ev (EventManager)
│    │    │    │    │    └─── eventsourcelevel_0* (EventSourceLevel)
│    │    │    │    └─── stat_fifo (SyncFIFO)
│    │    │    │    │    └─── fifo (SyncFIFO)
│    │    │    │    └─── fsm (FSM)
│    │    │    └─── reader (LiteEthMACSRAMReader)
│    │    │    │    └─── ev (EventManager)
│    │    │    │    │    └─── eventsourcepulse_0* (EventSourcePulse)
│    │    │    │    └─── syncfifo_0* (SyncFIFO)
│    │    │    │    │    └─── fifo (SyncFIFO)
│    │    │    │    └─── fsm (FSM)
│    │    │    └─── ev (SharedIRQ)
│    │    └─── sram_0* (SRAM)
│    │    └─── sram_1* (SRAM)
│    │    └─── sram_2* (SRAM)
│    │    └─── sram_3* (SRAM)
│    │    └─── decoder_0* (Decoder)
│    │    └─── sram_4* (SRAM)
│    │    └─── sram_5* (SRAM)
│    │    └─── decoder_1* (Decoder)
│    └─── ev (SharedIRQ)
└─── csr_bridge (Wishbone2CSR)
│    └─── fsm (FSM)
└─── csr_bankarray (CSRBankArray)
│    └─── csrbank_0* (CSRBank)
│    │    └─── csrstorage_0* (CSRStorage)
│    │    └─── csrstorage_1* (CSRStorage)
│    │    └─── csrstatus_0* (CSRStatus)
│    └─── csrbank_1* (CSRBank)
│    │    └─── csrstatus_0* (CSRStatus)
│    │    └─── csrstatus_1* (CSRStatus)
│    │    └─── csrstatus_2* (CSRStatus)
│    │    └─── csrstatus_3* (CSRStatus)
│    │    └─── csrstatus_4* (CSRStatus)
│    │    └─── csrstorage_0* (CSRStorage)
│    │    └─── csrstatus_5* (CSRStatus)
│    │    └─── csrstatus_6* (CSRStatus)
│    │    └─── csrstorage_1* (CSRStorage)
│    │    └─── csrstorage_2* (CSRStorage)
│    │    └─── csrstatus_7* (CSRStatus)
│    │    └─── csrstatus_8* (CSRStatus)
│    │    └─── csrstorage_3* (CSRStorage)
│    └─── csrbank_2* (CSRBank)
│    │    └─── csrstorage_0* (CSRStorage)
│    └─── sram_0* (SRAM)
│    └─── csrbank_3* (CSRBank)
│    │    └─── csrstorage_0* (CSRStorage)
│    │    └─── csrstorage_1* (CSRStorage)
│    │    └─── csrstorage_2* (CSRStorage)
│    │    └─── csrstorage_3* (CSRStorage)
│    │    └─── csrstatus_0* (CSRStatus)
│    │    └─── csrstatus_1* (CSRStatus)
│    │    └─── csrstatus_2* (CSRStatus)
│    │    └─── csrstorage_4* (CSRStorage)
│    └─── csrbank_4* (CSRBank)
│    │    └─── csrstatus_0* (CSRStatus)
│    │    └─── csrstatus_1* (CSRStatus)
│    │    └─── csrstatus_2* (CSRStatus)
│    │    └─── csrstatus_3* (CSRStatus)
│    │    └─── csrstorage_0* (CSRStorage)
│    │    └─── csrstatus_4* (CSRStatus)
│    │    └─── csrstatus_5* (CSRStatus)
└─── csr_interconnect (InterconnectShared)
* : Generated name.
[]: BlackBox.

INFO:SoC:--------------------------------------------------------------------------------
make: Entering directory '/home/romir/1_PQC_DTLS_PS/Constraint_Env_Sim/build/sim/software/libc'
make: Nothing to be done for 'all'.
make: Leaving directory '/home/romir/1_PQC_DTLS_PS/Constraint_Env_Sim/build/sim/software/libc'
make: Entering directory '/home/romir/1_PQC_DTLS_PS/Constraint_Env_Sim/build/sim/software/libcompiler_rt'
make: Nothing to be done for 'all'.
make: Leaving directory '/home/romir/1_PQC_DTLS_PS/Constraint_Env_Sim/build/sim/software/libcompiler_rt'
make: Entering directory '/home/romir/1_PQC_DTLS_PS/Constraint_Env_Sim/build/sim/software/libbase'
 CC       console.o
 CC       system.o
 CC       spiflash.o
 CC       memtest.o
 CC       i2c.o
 CC       isr.o
 CC       uart.o
 CC       hyperram.o
make: *** [/home/romir/1_PQC_DTLS_PS/Constraint_Env_Sim/litex/litex/soc/software/libbase/Makefile:26: memtest.o] Terminated
